{
  "version": "1.5.0",
  "plugins_used": [
    {
      "name": "ArtifactoryDetector"
    },
    {
      "name": "AWSKeyDetector"
    },
    {
      "name": "AzureStorageKeyDetector"
    },
    {
      "name": "Base64HighEntropyString",
      "limit": 4.5
    },
    {
      "name": "BasicAuthDetector"
    },
    {
      "name": "CloudantDetector"
    },
    {
      "name": "DiscordBotTokenDetector"
    },
    {
      "name": "GitHubTokenDetector"
    },
    {
      "name": "GitLabTokenDetector"
    },
    {
      "name": "HexHighEntropyString",
      "limit": 3.0
    },
    {
      "name": "IbmCloudIamDetector"
    },
    {
      "name": "IbmCosHmacDetector"
    },
    {
      "name": "IPPublicDetector"
    },
    {
      "name": "JwtTokenDetector"
    },
    {
      "name": "KeywordDetector",
      "keyword_exclude": ""
    },
    {
      "name": "MailchimpDetector"
    },
    {
      "name": "NpmDetector"
    },
    {
      "name": "OpenAIDetector"
    },
    {
      "name": "PrivateKeyDetector"
    },
    {
      "name": "PypiTokenDetector"
    },
    {
      "name": "SendGridDetector"
    },
    {
      "name": "SlackDetector"
    },
    {
      "name": "SoftlayerDetector"
    },
    {
      "name": "SquareOAuthDetector"
    },
    {
      "name": "StripeDetector"
    },
    {
      "name": "TelegramBotTokenDetector"
    },
    {
      "name": "TwilioKeyDetector"
    }
  ],
  "filters_used": [
    {
      "path": "detect_secrets.filters.allowlist.is_line_allowlisted"
    },
    {
      "path": "detect_secrets.filters.common.is_baseline_file",
      "filename": ".secrets.baseline"
    },
    {
      "path": "detect_secrets.filters.common.is_ignored_due_to_verification_policies",
      "min_level": 2
    },
    {
      "path": "detect_secrets.filters.heuristic.is_indirect_reference"
    },
    {
      "path": "detect_secrets.filters.heuristic.is_likely_id_string"
    },
    {
      "path": "detect_secrets.filters.heuristic.is_lock_file"
    },
    {
      "path": "detect_secrets.filters.heuristic.is_not_alphanumeric_string"
    },
    {
      "path": "detect_secrets.filters.heuristic.is_potential_uuid"
    },
    {
      "path": "detect_secrets.filters.heuristic.is_prefixed_with_dollar_sign"
    },
    {
      "path": "detect_secrets.filters.heuristic.is_sequential_string"
    },
    {
      "path": "detect_secrets.filters.heuristic.is_swagger_file"
    },
    {
      "path": "detect_secrets.filters.heuristic.is_templated_secret"
    },
    {
      "path": "detect_secrets.filters.regex.should_exclude_file",
      "pattern": [
        "(^|/)pnpm-lock\\.yaml$"
      ]
    },
    {
      "path": "detect_secrets.filters.regex.should_exclude_line",
      "pattern": [
        "key_content\\.include\\?\\(\"BEGIN PRIVATE KEY\"\\)",
        "case \\.apiKeyEnv: \"API key \\(env var\\)\"",
        "case apikey = \"apiKey\"",
        "\"gateway\\.remote\\.password\"",
        "\"gateway\\.auth\\.password\"",
        "\"talk\\.apiKey\"",
        "=== \"string\"",
        "typeof remote\\?\\.password === \"string\""
      ]
    }
  ],
  "results": {
    ".env.example": [
      {
        "type": "Twilio API Key",
        "filename": ".env.example",
        "hashed_secret": "3c7206eff845bc69cf12d904d0f95f9aec15535e",
        "is_verified": false,
        "line_number": 2
      }
    ],
    "appcast.xml": [
      {
        "type": "Base64 High Entropy String",
        "filename": "appcast.xml",
        "hashed_secret": "4e5f0a148d9ef42afeb73b1c77643e2ef2dee0b9",
        "is_verified": false,
        "line_number": 90
      },
      {
        "type": "Base64 High Entropy String",
        "filename": "appcast.xml",
        "hashed_secret": "f1ccdaf78c308ec2cf608818da13f5f1e4809ed1",
        "is_verified": false,
        "line_number": 138
      },
      {
        "type": "Base64 High Entropy String",
        "filename": "appcast.xml",
        "hashed_secret": "2691dc9c9ded92ba62a2d8ee589e2d78e2aa0479",
        "is_verified": false,
        "line_number": 212
      }
    ],
    "apps/macos/Tests/ClawdbotIPCTests/AnthropicAuthResolverTests.swift": [
      {
        "type": "Secret Keyword",
        "filename": "apps/macos/Tests/ClawdbotIPCTests/AnthropicAuthResolverTests.swift",
        "hashed_secret": "e761624445731fcb8b15da94343c6b92e507d190",
        "is_verified": false,
        "line_number": 26
      },
      {
        "type": "Secret Keyword",
        "filename": "apps/macos/Tests/ClawdbotIPCTests/AnthropicAuthResolverTests.swift",
        "hashed_secret": "a23c8630c8a5fbaa21f095e0269c135c20d21689",
        "is_verified": false,
        "line_number": 42
      }
    ],
    "apps/macos/Tests/ClawdbotIPCTests/GatewayEndpointStoreTests.swift": [
      {
        "type": "Secret Keyword",
        "filename": "apps/macos/Tests/ClawdbotIPCTests/GatewayEndpointStoreTests.swift",
        "hashed_secret": "19dad5cecb110281417d1db56b60e1b006d55bb4",
        "is_verified": false,
        "line_number": 61
      }
    ],
    "apps/macos/Tests/ClawdbotIPCTests/GatewayLaunchAgentManagerTests.swift": [
      {
        "type": "Secret Keyword",
        "filename": "apps/macos/Tests/ClawdbotIPCTests/GatewayLaunchAgentManagerTests.swift",
        "hashed_secret": "1a91d62f7ca67399625a4368a6ab5d4a3baa6073",
        "is_verified": false,
        "line_number": 13
      }
    ],
    "apps/macos/Tests/ClawdbotIPCTests/TailscaleIntegrationSectionTests.swift": [
      {
        "type": "Secret Keyword",
        "filename": "apps/macos/Tests/ClawdbotIPCTests/TailscaleIntegrationSectionTests.swift",
        "hashed_secret": "e5e9fa1ba31ecd1ae84f75caaa474f3a663f05f4",
        "is_verified": false,
        "line_number": 27
      }
    ],
    "apps/shared/ClawdbotKit/Sources/ClawdbotKit/GatewayChannel.swift": [
      {
        "type": "Secret Keyword",
        "filename": "apps/shared/ClawdbotKit/Sources/ClawdbotKit/GatewayChannel.swift",
        "hashed_secret": "5baa61e4c9b93f3f0682250b6cf8331b7ee68fd8",
        "is_verified": false,
        "line_number": 100
      }
    ],
    "docs/brave-search.md": [
      {
        "type": "Secret Keyword",
        "filename": "docs/brave-search.md",
        "hashed_secret": "491d458f895b9213facb2ee9375b1b044eaea3ac",
        "is_verified": false,
        "line_number": 26
      }
    ],
    "docs/channels/bluebubbles.md": [
      {
        "type": "Secret Keyword",
        "filename": "docs/channels/bluebubbles.md",
        "hashed_secret": "555da20df20d4172e00f1b73d7c3943802055270",
        "is_verified": false,
        "line_number": 32
      }
    ],
    "docs/channels/matrix.md": [
      {
        "type": "Secret Keyword",
        "filename": "docs/channels/matrix.md",
        "hashed_secret": "45d676e7c6ab44cf4b8fa366ef2d8fccd3e6d6e6",
        "is_verified": false,
        "line_number": 58
      }
    ],
    "docs/channels/nextcloud-talk.md": [
      {
        "type": "Secret Keyword",
        "filename": "docs/channels/nextcloud-talk.md",
        "hashed_secret": "76ed0a056aa77060de25754586440cff390791d0",
        "is_verified": false,
        "line_number": 47
      }
    ],
    "docs/channels/nostr.md": [
      {
        "type": "Secret Keyword",
        "filename": "docs/channels/nostr.md",
        "hashed_secret": "edeb23e25a619c434d22bb7f1c3ca4841166b4e8",
        "is_verified": false,
        "line_number": 65
      }
    ],
    "docs/channels/slack.md": [
      {
        "type": "Secret Keyword",
        "filename": "docs/channels/slack.md",
        "hashed_secret": "3f4800fb7c1fb79a9a48bfd562d90bc6b2e2b718",
        "is_verified": false,
        "line_number": 141
      }
    ],
    "docs/concepts/memory.md": [
      {
        "type": "Secret Keyword",
        "filename": "docs/concepts/memory.md",
        "hashed_secret": "39d711243bfcee9fec8299b204e1aa9c3430fa12",
        "is_verified": false,
        "line_number": 108
      },
      {
        "type": "Secret Keyword",
        "filename": "docs/concepts/memory.md",
        "hashed_secret": "1a8abbf465c52363ab4c9c6ad945b8e857cbea55",
        "is_verified": false,
        "line_number": 131
      },
      {
        "type": "Secret Keyword",
        "filename": "docs/concepts/memory.md",
        "hashed_secret": "b9f640d6095b9f6b5a65983f7b76dbbb254e0044",
        "is_verified": false,
        "line_number": 373
      }
    ],
    "docs/concepts/model-providers.md": [
      {
        "type": "Secret Keyword",
        "filename": "docs/concepts/model-providers.md",
        "hashed_secret": "ec3810e10fb78db55ce38b9c18d1c3eb1db739e0",
        "is_verified": false,
        "line_number": 168
      },
      {
        "type": "Secret Keyword",
        "filename": "docs/concepts/model-providers.md",
        "hashed_secret": "ef83ad68b9b66e008727b7c417c6a8f618b5177e",
        "is_verified": false,
        "line_number": 255
      }
    ],
    "docs/environment.md": [
      {
        "type": "Secret Keyword",
        "filename": "docs/environment.md",
        "hashed_secret": "a219d7693c25cd2d93313512e200ff3eb374d281",
        "is_verified": false,
        "line_number": 29
      },
      {
        "type": "Secret Keyword",
        "filename": "docs/environment.md",
        "hashed_secret": "b6f56e5e92078ed7c078c46fbfeedcbe5719bc25",
        "is_verified": false,
        "line_number": 31
      }
    ],
    "docs/gateway/configuration-examples.md": [
      {
        "type": "Secret Keyword",
        "filename": "docs/gateway/configuration-examples.md",
        "hashed_secret": "a219d7693c25cd2d93313512e200ff3eb374d281",
        "is_verified": false,
        "line_number": 53
      },
      {
        "type": "Secret Keyword",
        "filename": "docs/gateway/configuration-examples.md",
        "hashed_secret": "b6f56e5e92078ed7c078c46fbfeedcbe5719bc25",
        "is_verified": false,
        "line_number": 55
      },
      {
        "type": "Secret Keyword",
        "filename": "docs/gateway/configuration-examples.md",
        "hashed_secret": "22af290a1a3d5e941193a41a3d3a9e4ca8da5e27",
        "is_verified": false,
        "line_number": 319
      },
      {
        "type": "Secret Keyword",
        "filename": "docs/gateway/configuration-examples.md",
        "hashed_secret": "c1e6ee547fd492df1441ac492e8bb294974712bd",
        "is_verified": false,
        "line_number": 414
      },
      {
        "type": "Secret Keyword",
        "filename": "docs/gateway/configuration-examples.md",
        "hashed_secret": "16c249e04e2be318050cb883c40137361c0c7209",
        "is_verified": false,
        "line_number": 548
      }
    ],
    "docs/gateway/configuration.md": [
      {
        "type": "Secret Keyword",
        "filename": "docs/gateway/configuration.md",
        "hashed_secret": "a219d7693c25cd2d93313512e200ff3eb374d281",
        "is_verified": false,
        "line_number": 272
      },
      {
        "type": "Secret Keyword",
        "filename": "docs/gateway/configuration.md",
        "hashed_secret": "b6f56e5e92078ed7c078c46fbfeedcbe5719bc25",
        "is_verified": false,
        "line_number": 274
      },
      {
        "type": "Secret Keyword",
        "filename": "docs/gateway/configuration.md",
        "hashed_secret": "e5e9fa1ba31ecd1ae84f75caaa474f3a663f05f4",
        "is_verified": false,
        "line_number": 1029
      },
      {
        "type": "Secret Keyword",
        "filename": "docs/gateway/configuration.md",
        "hashed_secret": "1188d5a8ed7edcff5144a9472af960243eacf12e",
        "is_verified": false,
        "line_number": 1470
      },
      {
        "type": "Secret Keyword",
        "filename": "docs/gateway/configuration.md",
        "hashed_secret": "bde4db9b4c3be4049adc3b9a69851d7c35119770",
        "is_verified": false,
        "line_number": 1486
      },
      {
        "type": "Secret Keyword",
        "filename": "docs/gateway/configuration.md",
        "hashed_secret": "22af290a1a3d5e941193a41a3d3a9e4ca8da5e27",
        "is_verified": false,
        "line_number": 2268
      },
      {
        "type": "Secret Keyword",
        "filename": "docs/gateway/configuration.md",
        "hashed_secret": "ec3810e10fb78db55ce38b9c18d1c3eb1db739e0",
        "is_verified": false,
        "line_number": 2344
      },
      {
        "type": "Secret Keyword",
        "filename": "docs/gateway/configuration.md",
        "hashed_secret": "c1e6ee547fd492df1441ac492e8bb294974712bd",
        "is_verified": false,
        "line_number": 2658
      },
      {
        "type": "Secret Keyword",
        "filename": "docs/gateway/configuration.md",
        "hashed_secret": "45d676e7c6ab44cf4b8fa366ef2d8fccd3e6d6e6",
        "is_verified": false,
        "line_number": 2844
      }
    ],
    "docs/gateway/local-models.md": [
      {
        "type": "Secret Keyword",
        "filename": "docs/gateway/local-models.md",
        "hashed_secret": "16c249e04e2be318050cb883c40137361c0c7209",
        "is_verified": false,
        "line_number": 32
      },
      {
        "type": "Secret Keyword",
        "filename": "docs/gateway/local-models.md",
        "hashed_secret": "49fd535e63175a827aab3eff9ac58a9e82460ac9",
        "is_verified": false,
        "line_number": 121
      }
    ],
    "docs/gateway/tailscale.md": [
      {
        "type": "Secret Keyword",
        "filename": "docs/gateway/tailscale.md",
        "hashed_secret": "9cb0dc5383312aa15b9dc6745645bde18ff5ade9",
        "is_verified": false,
        "line_number": 75
      }
    ],
    "docs/help/faq.md": [
      {
        "type": "Secret Keyword",
        "filename": "docs/help/faq.md",
        "hashed_secret": "491d458f895b9213facb2ee9375b1b044eaea3ac",
        "is_verified": false,
        "line_number": 925
      },
      {
        "type": "Secret Keyword",
        "filename": "docs/help/faq.md",
        "hashed_secret": "a219d7693c25cd2d93313512e200ff3eb374d281",
        "is_verified": false,
        "line_number": 1113
      },
      {
        "type": "Secret Keyword",
        "filename": "docs/help/faq.md",
        "hashed_secret": "b6f56e5e92078ed7c078c46fbfeedcbe5719bc25",
        "is_verified": false,
        "line_number": 1114
      },
      {
        "type": "Secret Keyword",
        "filename": "docs/help/faq.md",
        "hashed_secret": "ec3810e10fb78db55ce38b9c18d1c3eb1db739e0",
        "is_verified": false,
        "line_number": 1439
      },
      {
        "type": "Secret Keyword",
        "filename": "docs/help/faq.md",
        "hashed_secret": "45d676e7c6ab44cf4b8fa366ef2d8fccd3e6d6e6",
        "is_verified": false,
        "line_number": 1715
      }
    ],
    "docs/nodes/talk.md": [
      {
        "type": "Secret Keyword",
        "filename": "docs/nodes/talk.md",
        "hashed_secret": "1188d5a8ed7edcff5144a9472af960243eacf12e",
        "is_verified": false,
        "line_number": 50
      }
    ],
    "docs/perplexity.md": [
      {
        "type": "Secret Keyword",
        "filename": "docs/perplexity.md",
        "hashed_secret": "6b26c117c66a0c030e239eef595c1e18865132a8",
        "is_verified": false,
        "line_number": 35
      }
    ],
    "docs/providers/anthropic.md": [
      {
        "type": "Secret Keyword",
        "filename": "docs/providers/anthropic.md",
        "hashed_secret": "c7a8c334eef5d1749fface7d42c66f9ae5e8cf36",
        "is_verified": false,
        "line_number": 32
      }
    ],
    "docs/providers/glm.md": [
      {
        "type": "Secret Keyword",
        "filename": "docs/providers/glm.md",
        "hashed_secret": "ec3810e10fb78db55ce38b9c18d1c3eb1db739e0",
        "is_verified": false,
        "line_number": 22
      }
    ],
    "docs/providers/minimax.md": [
      {
        "type": "Secret Keyword",
        "filename": "docs/providers/minimax.md",
        "hashed_secret": "ec3810e10fb78db55ce38b9c18d1c3eb1db739e0",
        "is_verified": false,
        "line_number": 49
      },
      {
        "type": "Secret Keyword",
        "filename": "docs/providers/minimax.md",
        "hashed_secret": "16c249e04e2be318050cb883c40137361c0c7209",
        "is_verified": false,
        "line_number": 118
      }
    ],
    "docs/providers/moonshot.md": [
      {
        "type": "Secret Keyword",
        "filename": "docs/providers/moonshot.md",
        "hashed_secret": "ec3810e10fb78db55ce38b9c18d1c3eb1db739e0",
        "is_verified": false,
        "line_number": 39
      }
    ],
    "docs/providers/openai.md": [
      {
        "type": "Secret Keyword",
        "filename": "docs/providers/openai.md",
        "hashed_secret": "ec3810e10fb78db55ce38b9c18d1c3eb1db739e0",
        "is_verified": false,
        "line_number": 31
      }
    ],
    "docs/providers/opencode.md": [
      {
        "type": "Secret Keyword",
        "filename": "docs/providers/opencode.md",
        "hashed_secret": "ec3810e10fb78db55ce38b9c18d1c3eb1db739e0",
        "is_verified": false,
        "line_number": 25
      }
    ],
    "docs/providers/openrouter.md": [
      {
        "type": "Secret Keyword",
        "filename": "docs/providers/openrouter.md",
        "hashed_secret": "a219d7693c25cd2d93313512e200ff3eb374d281",
        "is_verified": false,
        "line_number": 22
      }
    ],
    "docs/providers/synthetic.md": [
      {
        "type": "Secret Keyword",
        "filename": "docs/providers/synthetic.md",
        "hashed_secret": "ec3810e10fb78db55ce38b9c18d1c3eb1db739e0",
        "is_verified": false,
        "line_number": 31
      }
    ],
    "docs/providers/zai.md": [
      {
        "type": "Secret Keyword",
        "filename": "docs/providers/zai.md",
        "hashed_secret": "ec3810e10fb78db55ce38b9c18d1c3eb1db739e0",
        "is_verified": false,
        "line_number": 25
      }
    ],
    "docs/tools/browser.md": [
      {
        "type": "Basic Auth Credentials",
        "filename": "docs/tools/browser.md",
        "hashed_secret": "9d4e1e23bd5b727046a9e3b4b7db57bd8d6ee684",
        "is_verified": false,
        "line_number": 163
      }
    ],
    "docs/tools/firecrawl.md": [
      {
        "type": "Secret Keyword",
        "filename": "docs/tools/firecrawl.md",
        "hashed_secret": "674397e2c0c2faaa85961c708d2a96a7cc7af217",
        "is_verified": false,
        "line_number": 28
      }
    ],
    "docs/tools/skills-config.md": [
      {
        "type": "Secret Keyword",
        "filename": "docs/tools/skills-config.md",
        "hashed_secret": "c1e6ee547fd492df1441ac492e8bb294974712bd",
        "is_verified": false,
        "line_number": 30
      }
    ],
    "docs/tools/skills.md": [
      {
        "type": "Secret Keyword",
        "filename": "docs/tools/skills.md",
        "hashed_secret": "c1e6ee547fd492df1441ac492e8bb294974712bd",
        "is_verified": false,
        "line_number": 160
      }
    ],
    "docs/tools/web.md": [
      {
        "type": "Secret Keyword",
        "filename": "docs/tools/web.md",
        "hashed_secret": "6b26c117c66a0c030e239eef595c1e18865132a8",
        "is_verified": false,
        "line_number": 61
      },
      {
        "type": "Secret Keyword",
        "filename": "docs/tools/web.md",
        "hashed_secret": "96c682c88ed551f22fe76d206c2dfb7df9221ad9",
        "is_verified": false,
        "line_number": 112
      },
      {
        "type": "Secret Keyword",
        "filename": "docs/tools/web.md",
        "hashed_secret": "491d458f895b9213facb2ee9375b1b044eaea3ac",
        "is_verified": false,
        "line_number": 160
      },
      {
        "type": "Secret Keyword",
        "filename": "docs/tools/web.md",
        "hashed_secret": "674397e2c0c2faaa85961c708d2a96a7cc7af217",
        "is_verified": false,
        "line_number": 223
      }
    ],
    "docs/tts.md": [
      {
        "type": "Secret Keyword",
        "filename": "docs/tts.md",
        "hashed_secret": "bde4db9b4c3be4049adc3b9a69851d7c35119770",
        "is_verified": false,
        "line_number": 72
      },
      {
        "type": "Secret Keyword",
        "filename": "docs/tts.md",
        "hashed_secret": "1188d5a8ed7edcff5144a9472af960243eacf12e",
        "is_verified": false,
        "line_number": 77
      }
    ],
    "extensions/bluebubbles/src/actions.test.ts": [
      {
        "type": "Secret Keyword",
        "filename": "extensions/bluebubbles/src/actions.test.ts",
        "hashed_secret": "789cbe0407840b1c2041cb33452ff60f19bf58cc",
        "is_verified": false,
        "line_number": 73
      }
    ],
    "extensions/bluebubbles/src/attachments.test.ts": [
      {
        "type": "Secret Keyword",
        "filename": "extensions/bluebubbles/src/attachments.test.ts",
        "hashed_secret": "789cbe0407840b1c2041cb33452ff60f19bf58cc",
        "is_verified": false,
        "line_number": 35
      },
      {
        "type": "Secret Keyword",
        "filename": "extensions/bluebubbles/src/attachments.test.ts",
        "hashed_secret": "db1530e1ea43af094d3d75b8dbaf19a4a182a318",
        "is_verified": false,
        "line_number": 99
      },
      {
        "type": "Secret Keyword",
        "filename": "extensions/bluebubbles/src/attachments.test.ts",
        "hashed_secret": "a94a8fe5ccb19ba61c4c0873d391e987982fbbd3",
        "is_verified": false,
        "line_number": 117
      },
      {
        "type": "Secret Keyword",
        "filename": "extensions/bluebubbles/src/attachments.test.ts",
        "hashed_secret": "052f076c732648ab32d2fcde9fe255319bfa0c7b",
        "is_verified": false,
        "line_number": 229
      }
    ],
    "extensions/bluebubbles/src/chat.test.ts": [
      {
        "type": "Secret Keyword",
        "filename": "extensions/bluebubbles/src/chat.test.ts",
        "hashed_secret": "a94a8fe5ccb19ba61c4c0873d391e987982fbbd3",
        "is_verified": false,
        "line_number": 33
      },
      {
        "type": "Secret Keyword",
        "filename": "extensions/bluebubbles/src/chat.test.ts",
        "hashed_secret": "789cbe0407840b1c2041cb33452ff60f19bf58cc",
        "is_verified": false,
        "line_number": 68
      },
      {
        "type": "Secret Keyword",
        "filename": "extensions/bluebubbles/src/chat.test.ts",
        "hashed_secret": "5c5a15a8b0b3e154d77746945e563ba40100681b",
        "is_verified": false,
        "line_number": 85
      },
      {
        "type": "Secret Keyword",
        "filename": "extensions/bluebubbles/src/chat.test.ts",
        "hashed_secret": "faacad0ce4ea1c19b46e128fd79679d37d3d331d",
        "is_verified": false,
        "line_number": 134
      },
      {
        "type": "Secret Keyword",
        "filename": "extensions/bluebubbles/src/chat.test.ts",
        "hashed_secret": "4dcc26a1d99532846fedf1265df4f40f4e0005b8",
        "is_verified": false,
        "line_number": 219
      },
      {
        "type": "Secret Keyword",
        "filename": "extensions/bluebubbles/src/chat.test.ts",
        "hashed_secret": "fd2a721f7be1ee3d691a011affcdb11d0ca365a8",
        "is_verified": false,
        "line_number": 282
      }
    ],
    "extensions/bluebubbles/src/monitor.test.ts": [
      {
        "type": "Secret Keyword",
        "filename": "extensions/bluebubbles/src/monitor.test.ts",
        "hashed_secret": "789cbe0407840b1c2041cb33452ff60f19bf58cc",
        "is_verified": false,
        "line_number": 187
      },
      {
        "type": "Secret Keyword",
        "filename": "extensions/bluebubbles/src/monitor.test.ts",
        "hashed_secret": "1ae0af3fe72b3ba394f9fa95a6cffc090d726c23",
        "is_verified": false,
        "line_number": 394
      }
    ],
    "extensions/bluebubbles/src/reactions.test.ts": [
      {
        "type": "Secret Keyword",
        "filename": "extensions/bluebubbles/src/reactions.test.ts",
        "hashed_secret": "a94a8fe5ccb19ba61c4c0873d391e987982fbbd3",
        "is_verified": false,
        "line_number": 38
      },
      {
        "type": "Secret Keyword",
        "filename": "extensions/bluebubbles/src/reactions.test.ts",
        "hashed_secret": "789cbe0407840b1c2041cb33452ff60f19bf58cc",
        "is_verified": false,
        "line_number": 179
      },
      {
        "type": "Secret Keyword",
        "filename": "extensions/bluebubbles/src/reactions.test.ts",
        "hashed_secret": "a4a05c9a6449eb9d6cdac81dd7edc49230e327e6",
        "is_verified": false,
        "line_number": 210
      },
      {
        "type": "Secret Keyword",
        "filename": "extensions/bluebubbles/src/reactions.test.ts",
        "hashed_secret": "a2833da9f0a16f09994754d0a31749cecf8c8c77",
        "is_verified": false,
        "line_number": 316
      }
    ],
    "extensions/bluebubbles/src/send.test.ts": [
      {
        "type": "Secret Keyword",
        "filename": "extensions/bluebubbles/src/send.test.ts",
        "hashed_secret": "a94a8fe5ccb19ba61c4c0873d391e987982fbbd3",
        "is_verified": false,
        "line_number": 38
      },
      {
        "type": "Secret Keyword",
        "filename": "extensions/bluebubbles/src/send.test.ts",
        "hashed_secret": "faacad0ce4ea1c19b46e128fd79679d37d3d331d",
        "is_verified": false,
        "line_number": 675
      }
    ],
    "extensions/bluebubbles/src/targets.test.ts": [
      {
        "type": "Hex High Entropy String",
        "filename": "extensions/bluebubbles/src/targets.test.ts",
        "hashed_secret": "a3af2fb0c1e2a30bb038049e1e4b401593af6225",
        "is_verified": false,
        "line_number": 62
      }
    ],
    "extensions/bluebubbles/src/targets.ts": [
      {
        "type": "Hex High Entropy String",
        "filename": "extensions/bluebubbles/src/targets.ts",
        "hashed_secret": "a3af2fb0c1e2a30bb038049e1e4b401593af6225",
        "is_verified": false,
        "line_number": 214
      }
    ],
    "extensions/copilot-proxy/index.ts": [
      {
        "type": "Secret Keyword",
        "filename": "extensions/copilot-proxy/index.ts",
        "hashed_secret": "50f013532a9770a2c2cfdc38b7581dd01df69b70",
        "is_verified": false,
        "line_number": 4
      }
    ],
    "extensions/google-antigravity-auth/index.ts": [
      {
        "type": "Base64 High Entropy String",
        "filename": "extensions/google-antigravity-auth/index.ts",
        "hashed_secret": "709d0f232b6ac4f8d24dec3e4fabfdb14257174f",
        "is_verified": false,
        "line_number": 9
      }
    ],
    "extensions/matrix/src/matrix/accounts.test.ts": [
      {
        "type": "Secret Keyword",
        "filename": "extensions/matrix/src/matrix/accounts.test.ts",
        "hashed_secret": "e5e9fa1ba31ecd1ae84f75caaa474f3a663f05f4",
        "is_verified": false,
        "line_number": 75
      }
    ],
    "extensions/matrix/src/matrix/client.test.ts": [
      {
        "type": "Secret Keyword",
        "filename": "extensions/matrix/src/matrix/client.test.ts",
        "hashed_secret": "fe7fcdaea49ece14677acd32374d2f1225819d5c",
        "is_verified": false,
        "line_number": 14
      },
      {
        "type": "Secret Keyword",
        "filename": "extensions/matrix/src/matrix/client.test.ts",
        "hashed_secret": "3dc927d80543dc0f643940b70d066bd4b4c4b78e",
        "is_verified": false,
        "line_number": 24
      }
    ],
    "extensions/matrix/src/matrix/client/storage.ts": [
      {
        "type": "Secret Keyword",
        "filename": "extensions/matrix/src/matrix/client/storage.ts",
        "hashed_secret": "7505d64a54e061b7acd54ccd58b49dc43500b635",
        "is_verified": false,
        "line_number": 9
      }
    ],
    "extensions/memory-lancedb/config.ts": [
      {
        "type": "Secret Keyword",
        "filename": "extensions/memory-lancedb/config.ts",
        "hashed_secret": "ecb252044b5ea0f679ee78ec1a12904739e2904d",
        "is_verified": false,
        "line_number": 70
      }
    ],
    "extensions/memory-lancedb/index.test.ts": [
      {
        "type": "Secret Keyword",
        "filename": "extensions/memory-lancedb/index.test.ts",
        "hashed_secret": "ed65c049bb2f78ee4f703b2158ba9cc6ea31fb7e",
        "is_verified": false,
        "line_number": 70
      }
    ],
    "extensions/msteams/src/probe.test.ts": [
      {
        "type": "Secret Keyword",
        "filename": "extensions/msteams/src/probe.test.ts",
        "hashed_secret": "1a91d62f7ca67399625a4368a6ab5d4a3baa6073",
        "is_verified": false,
        "line_number": 34
      }
    ],
    "extensions/nextcloud-talk/src/accounts.ts": [
      {
        "type": "Secret Keyword",
        "filename": "extensions/nextcloud-talk/src/accounts.ts",
        "hashed_secret": "920f8f5815b381ea692e9e7c2f7119f2b1aa620a",
        "is_verified": false,
        "line_number": 26
      },
      {
        "type": "Secret Keyword",
        "filename": "extensions/nextcloud-talk/src/accounts.ts",
        "hashed_secret": "71f8e7976e4cbc4561c9d62fb283e7f788202acb",
        "is_verified": false,
        "line_number": 139
      }
    ],
    "extensions/nextcloud-talk/src/channel.ts": [
      {
        "type": "Secret Keyword",
        "filename": "extensions/nextcloud-talk/src/channel.ts",
        "hashed_secret": "71f8e7976e4cbc4561c9d62fb283e7f788202acb",
        "is_verified": false,
        "line_number": 390
      }
    ],
    "extensions/nostr/README.md": [
      {
        "type": "Secret Keyword",
        "filename": "extensions/nostr/README.md",
        "hashed_secret": "edeb23e25a619c434d22bb7f1c3ca4841166b4e8",
        "is_verified": false,
        "line_number": 43
      }
    ],
    "extensions/nostr/src/channel.test.ts": [
      {
        "type": "Hex High Entropy String",
        "filename": "extensions/nostr/src/channel.test.ts",
        "hashed_secret": "ce4303f6b22257d9c9cf314ef1dee4707c6e1c13",
        "is_verified": false,
        "line_number": 48
      },
      {
        "type": "Secret Keyword",
        "filename": "extensions/nostr/src/channel.test.ts",
        "hashed_secret": "ce4303f6b22257d9c9cf314ef1dee4707c6e1c13",
        "is_verified": false,
        "line_number": 48
      }
    ],
    "extensions/nostr/src/nostr-bus.fuzz.test.ts": [
      {
        "type": "Hex High Entropy String",
        "filename": "extensions/nostr/src/nostr-bus.fuzz.test.ts",
        "hashed_secret": "2b4489606a23fb31fcdc849fa7e577ba90f6d39a",
        "is_verified": false,
        "line_number": 202
      },
      {
        "type": "Hex High Entropy String",
        "filename": "extensions/nostr/src/nostr-bus.fuzz.test.ts",
        "hashed_secret": "ce4303f6b22257d9c9cf314ef1dee4707c6e1c13",
        "is_verified": false,
        "line_number": 203
      },
      {
        "type": "Hex High Entropy String",
        "filename": "extensions/nostr/src/nostr-bus.fuzz.test.ts",
        "hashed_secret": "b84cb0c3925d34496e6c8b0e55b8c1664a438035",
        "is_verified": false,
        "line_number": 208
      }
    ],
    "extensions/nostr/src/nostr-bus.test.ts": [
      {
        "type": "Hex High Entropy String",
        "filename": "extensions/nostr/src/nostr-bus.test.ts",
        "hashed_secret": "ce4303f6b22257d9c9cf314ef1dee4707c6e1c13",
        "is_verified": false,
        "line_number": 11
      },
      {
        "type": "Hex High Entropy String",
        "filename": "extensions/nostr/src/nostr-bus.test.ts",
        "hashed_secret": "7258e28563f03fb4c5994e8402e6f610d1f0f110",
        "is_verified": false,
        "line_number": 33
      },
      {
        "type": "Hex High Entropy String",
        "filename": "extensions/nostr/src/nostr-bus.test.ts",
        "hashed_secret": "2b4489606a23fb31fcdc849fa7e577ba90f6d39a",
        "is_verified": false,
        "line_number": 101
      },
      {
        "type": "Hex High Entropy String",
        "filename": "extensions/nostr/src/nostr-bus.test.ts",
        "hashed_secret": "ef717286343f6da3f4e6f68c6de02a5148a801c4",
        "is_verified": false,
        "line_number": 106
      },
      {
        "type": "Hex High Entropy String",
        "filename": "extensions/nostr/src/nostr-bus.test.ts",
        "hashed_secret": "98b35fe4c45011220f509ebb5546d3889b55a891",
        "is_verified": false,
        "line_number": 111
      }
    ],
    "extensions/nostr/src/nostr-profile.fuzz.test.ts": [
      {
        "type": "Hex High Entropy String",
        "filename": "extensions/nostr/src/nostr-profile.fuzz.test.ts",
        "hashed_secret": "ce4303f6b22257d9c9cf314ef1dee4707c6e1c13",
        "is_verified": false,
        "line_number": 12
      }
    ],
    "extensions/nostr/src/nostr-profile.test.ts": [
      {
        "type": "Hex High Entropy String",
        "filename": "extensions/nostr/src/nostr-profile.test.ts",
        "hashed_secret": "ce4303f6b22257d9c9cf314ef1dee4707c6e1c13",
        "is_verified": false,
        "line_number": 14
      }
    ],
    "extensions/nostr/src/types.test.ts": [
      {
        "type": "Hex High Entropy String",
        "filename": "extensions/nostr/src/types.test.ts",
        "hashed_secret": "ce4303f6b22257d9c9cf314ef1dee4707c6e1c13",
        "is_verified": false,
        "line_number": 8
      },
      {
        "type": "Secret Keyword",
        "filename": "extensions/nostr/src/types.test.ts",
        "hashed_secret": "ce4303f6b22257d9c9cf314ef1dee4707c6e1c13",
        "is_verified": false,
        "line_number": 8
      },
      {
        "type": "Secret Keyword",
        "filename": "extensions/nostr/src/types.test.ts",
        "hashed_secret": "3bee216ebc256d692260fc3adc765050508fef5e",
        "is_verified": false,
        "line_number": 127
      }
    ],
    "extensions/open-prose/skills/prose/SKILL.md": [
      {
        "type": "Basic Auth Credentials",
        "filename": "extensions/open-prose/skills/prose/SKILL.md",
        "hashed_secret": "9d4e1e23bd5b727046a9e3b4b7db57bd8d6ee684",
        "is_verified": false,
        "line_number": 200
      }
    ],
    "extensions/open-prose/skills/prose/state/postgres.md": [
      {
        "type": "Secret Keyword",
        "filename": "extensions/open-prose/skills/prose/state/postgres.md",
        "hashed_secret": "fa9beb99e4029ad5a6615399e7bbae21356086b3",
        "is_verified": false,
        "line_number": 75
      },
      {
        "type": "Basic Auth Credentials",
        "filename": "extensions/open-prose/skills/prose/state/postgres.md",
        "hashed_secret": "9d4e1e23bd5b727046a9e3b4b7db57bd8d6ee684",
        "is_verified": false,
        "line_number": 198
      }
    ],
    "extensions/zalo/README.md": [
      {
        "type": "Secret Keyword",
        "filename": "extensions/zalo/README.md",
        "hashed_secret": "f51aaee16a4a756d287f126b99c081b73cba7f15",
        "is_verified": false,
        "line_number": 41
      }
    ],
    "extensions/zalo/src/monitor.webhook.test.ts": [
      {
        "type": "Secret Keyword",
        "filename": "extensions/zalo/src/monitor.webhook.test.ts",
        "hashed_secret": "e5e9fa1ba31ecd1ae84f75caaa474f3a663f05f4",
        "is_verified": false,
        "line_number": 43
      }
    ],
    "skills/1password/references/cli-examples.md": [
      {
        "type": "Secret Keyword",
        "filename": "skills/1password/references/cli-examples.md",
        "hashed_secret": "9dda0987cc3054773a2df97e352d4f64d233ef10",
        "is_verified": false,
        "line_number": 17
      }
    ],
    "skills/local-places/SERVER_README.md": [
      {
        "type": "Secret Keyword",
        "filename": "skills/local-places/SERVER_README.md",
        "hashed_secret": "6d9c68c603e465077bdd49c62347fe54717f83a3",
        "is_verified": false,
        "line_number": 28
      }
    ],
    "skills/openai-whisper-api/SKILL.md": [
      {
        "type": "Secret Keyword",
        "filename": "skills/openai-whisper-api/SKILL.md",
        "hashed_secret": "1077361f94d70e1ddcc7c6dc581a489532a81d03",
        "is_verified": false,
        "line_number": 39
      }
    ],
    "skills/trello/SKILL.md": [
      {
        "type": "Secret Keyword",
        "filename": "skills/trello/SKILL.md",
        "hashed_secret": "11fa7c37d697f30e6aee828b4426a10f83ab2380",
        "is_verified": false,
        "line_number": 18
      }
    ],
    "src/agents/memory-search.test.ts": [
      {
        "type": "Secret Keyword",
        "filename": "src/agents/memory-search.test.ts",
        "hashed_secret": "a1b49d68a91fdf9c9217773f3fac988d77fa0f50",
        "is_verified": false,
        "line_number": 164
      }
    ],
    "src/agents/model-auth.test.ts": [
      {
        "type": "Secret Keyword",
        "filename": "src/agents/model-auth.test.ts",
        "hashed_secret": "07a6b9cec637c806195e8aa7e5c0851ab03dc35e",
        "is_verified": false,
        "line_number": 211
      },
      {
        "type": "Secret Keyword",
        "filename": "src/agents/model-auth.test.ts",
        "hashed_secret": "21f296583ccd80c5ab9b3330a8b0d47e4a409fb9",
        "is_verified": false,
        "line_number": 240
      },
      {
        "type": "Secret Keyword",
        "filename": "src/agents/model-auth.test.ts",
        "hashed_secret": "77e991e9f56e6fa4ed1a908208048421f1214c07",
        "is_verified": false,
        "line_number": 264
      },
      {
        "type": "Secret Keyword",
        "filename": "src/agents/model-auth.test.ts",
        "hashed_secret": "dff6d4ff5dc357cf451d1855ab9cbda562645c9f",
        "is_verified": false,
        "line_number": 295
      }
    ],
    "src/agents/model-auth.ts": [
      {
        "type": "Secret Keyword",
        "filename": "src/agents/model-auth.ts",
        "hashed_secret": "8956265d216d474a080edaa97880d37fc1386f33",
        "is_verified": false,
        "line_number": 22
      }
    ],
    "src/agents/models-config.auto-injects-github-copilot-provider-token-is.test.ts": [
      {
        "type": "Secret Keyword",
        "filename": "src/agents/models-config.auto-injects-github-copilot-provider-token-is.test.ts",
        "hashed_secret": "7cf31e8b6cda49f70c31f1f25af05d46f924142d",
        "is_verified": false,
        "line_number": 16
      }
    ],
    "src/agents/models-config.falls-back-default-baseurl-token-exchange-fails.test.ts": [
      {
        "type": "Secret Keyword",
        "filename": "src/agents/models-config.falls-back-default-baseurl-token-exchange-fails.test.ts",
        "hashed_secret": "7cf31e8b6cda49f70c31f1f25af05d46f924142d",
        "is_verified": false,
        "line_number": 16
      }
    ],
    "src/agents/models-config.fills-missing-provider-apikey-from-env-var.test.ts": [
      {
        "type": "Secret Keyword",
        "filename": "src/agents/models-config.fills-missing-provider-apikey-from-env-var.test.ts",
        "hashed_secret": "7cf31e8b6cda49f70c31f1f25af05d46f924142d",
        "is_verified": false,
        "line_number": 16
      },
      {
        "type": "Secret Keyword",
        "filename": "src/agents/models-config.fills-missing-provider-apikey-from-env-var.test.ts",
        "hashed_secret": "fcdd655b11f33ba4327695084a347b2ba192976c",
        "is_verified": false,
        "line_number": 50
      },
      {
        "type": "Secret Keyword",
        "filename": "src/agents/models-config.fills-missing-provider-apikey-from-env-var.test.ts",
        "hashed_secret": "3a81eb091f80c845232225be5663d270e90dacb7",
        "is_verified": false,
        "line_number": 108
      }
    ],
    "src/agents/models-config.normalizes-gemini-3-ids-preview-google-providers.test.ts": [
      {
        "type": "Secret Keyword",
        "filename": "src/agents/models-config.normalizes-gemini-3-ids-preview-google-providers.test.ts",
        "hashed_secret": "7cf31e8b6cda49f70c31f1f25af05d46f924142d",
        "is_verified": false,
        "line_number": 16
      },
      {
        "type": "Secret Keyword",
        "filename": "src/agents/models-config.normalizes-gemini-3-ids-preview-google-providers.test.ts",
        "hashed_secret": "980d02eb9335ae7c9e9984f6c8ad432352a0d2ac",
        "is_verified": false,
        "line_number": 57
      }
    ],
    "src/agents/models-config.skips-writing-models-json-no-env-token.test.ts": [
      {
        "type": "Secret Keyword",
        "filename": "src/agents/models-config.skips-writing-models-json-no-env-token.test.ts",
        "hashed_secret": "7cf31e8b6cda49f70c31f1f25af05d46f924142d",
        "is_verified": false,
        "line_number": 16
      },
      {
        "type": "Secret Keyword",
        "filename": "src/agents/models-config.skips-writing-models-json-no-env-token.test.ts",
        "hashed_secret": "fcdd655b11f33ba4327695084a347b2ba192976c",
        "is_verified": false,
        "line_number": 112
      },
      {
        "type": "Secret Keyword",
        "filename": "src/agents/models-config.skips-writing-models-json-no-env-token.test.ts",
        "hashed_secret": "94c4be5a1976115e8152960c21e04400a4fccdf6",
        "is_verified": false,
        "line_number": 146
      }
    ],
    "src/agents/models-config.uses-first-github-copilot-profile-env-tokens.test.ts": [
      {
        "type": "Secret Keyword",
        "filename": "src/agents/models-config.uses-first-github-copilot-profile-env-tokens.test.ts",
        "hashed_secret": "7cf31e8b6cda49f70c31f1f25af05d46f924142d",
        "is_verified": false,
        "line_number": 16
      }
    ],
    "src/agents/openai-responses.reasoning-replay.test.ts": [
      {
        "type": "Secret Keyword",
        "filename": "src/agents/openai-responses.reasoning-replay.test.ts",
        "hashed_secret": "a94a8fe5ccb19ba61c4c0873d391e987982fbbd3",
        "is_verified": false,
        "line_number": 124
      }
    ],
    "src/agents/pi-embedded-runner.applygoogleturnorderingfix.test.ts": [
      {
        "type": "Secret Keyword",
        "filename": "src/agents/pi-embedded-runner.applygoogleturnorderingfix.test.ts",
        "hashed_secret": "e9a5f12a8ecbb3eb46eca5096b5c52aa5e7c9fdd",
        "is_verified": false,
        "line_number": 58
      }
    ],
    "src/agents/pi-embedded-runner.buildembeddedsandboxinfo.test.ts": [
      {
        "type": "Secret Keyword",
        "filename": "src/agents/pi-embedded-runner.buildembeddedsandboxinfo.test.ts",
        "hashed_secret": "e9a5f12a8ecbb3eb46eca5096b5c52aa5e7c9fdd",
        "is_verified": false,
        "line_number": 57
      }
    ],
    "src/agents/pi-embedded-runner.createsystempromptoverride.test.ts": [
      {
        "type": "Secret Keyword",
        "filename": "src/agents/pi-embedded-runner.createsystempromptoverride.test.ts",
        "hashed_secret": "e9a5f12a8ecbb3eb46eca5096b5c52aa5e7c9fdd",
        "is_verified": false,
        "line_number": 56
      }
    ],
    "src/agents/pi-embedded-runner.get-dm-history-limit-from-session-key.falls-back-provider-default-per-dm-not.test.ts": [
      {
        "type": "Secret Keyword",
        "filename": "src/agents/pi-embedded-runner.get-dm-history-limit-from-session-key.falls-back-provider-default-per-dm-not.test.ts",
        "hashed_secret": "e9a5f12a8ecbb3eb46eca5096b5c52aa5e7c9fdd",
        "is_verified": false,
        "line_number": 56
      }
    ],
    "src/agents/pi-embedded-runner.get-dm-history-limit-from-session-key.returns-undefined-sessionkey-is-undefined.test.ts": [
      {
        "type": "Secret Keyword",
        "filename": "src/agents/pi-embedded-runner.get-dm-history-limit-from-session-key.returns-undefined-sessionkey-is-undefined.test.ts",
        "hashed_secret": "e9a5f12a8ecbb3eb46eca5096b5c52aa5e7c9fdd",
        "is_verified": false,
        "line_number": 56
      }
    ],
    "src/agents/pi-embedded-runner.limithistoryturns.test.ts": [
      {
        "type": "Secret Keyword",
        "filename": "src/agents/pi-embedded-runner.limithistoryturns.test.ts",
        "hashed_secret": "e9a5f12a8ecbb3eb46eca5096b5c52aa5e7c9fdd",
        "is_verified": false,
        "line_number": 57
      }
    ],
    "src/agents/pi-embedded-runner.resolvesessionagentids.test.ts": [
      {
        "type": "Secret Keyword",
        "filename": "src/agents/pi-embedded-runner.resolvesessionagentids.test.ts",
        "hashed_secret": "e9a5f12a8ecbb3eb46eca5096b5c52aa5e7c9fdd",
        "is_verified": false,
        "line_number": 56
      }
    ],
    "src/agents/pi-embedded-runner.splitsdktools.test.ts": [
      {
        "type": "Secret Keyword",
        "filename": "src/agents/pi-embedded-runner.splitsdktools.test.ts",
        "hashed_secret": "e9a5f12a8ecbb3eb46eca5096b5c52aa5e7c9fdd",
        "is_verified": false,
        "line_number": 57
      }
    ],
    "src/agents/pi-embedded-runner.test.ts": [
      {
        "type": "Secret Keyword",
        "filename": "src/agents/pi-embedded-runner.test.ts",
        "hashed_secret": "e9a5f12a8ecbb3eb46eca5096b5c52aa5e7c9fdd",
        "is_verified": false,
        "line_number": 117
      },
      {
        "type": "Secret Keyword",
        "filename": "src/agents/pi-embedded-runner.test.ts",
        "hashed_secret": "fcdd655b11f33ba4327695084a347b2ba192976c",
        "is_verified": false,
        "line_number": 178
      }
    ],
    "src/agents/skills.applyskillenvoverrides.test.ts": [
      {
        "type": "Secret Keyword",
        "filename": "src/agents/skills.applyskillenvoverrides.test.ts",
        "hashed_secret": "5df3a673d724e8a1eb673a8baf623e183940804d",
        "is_verified": false,
        "line_number": 54
      },
      {
        "type": "Secret Keyword",
        "filename": "src/agents/skills.applyskillenvoverrides.test.ts",
        "hashed_secret": "8921daaa546693e52bc1f9c40bdcf15e816e0448",
        "is_verified": false,
        "line_number": 80
      }
    ],
    "src/agents/skills.build-workspace-skills-prompt.prefers-workspace-skills-managed-skills.test.ts": [
      {
        "type": "Secret Keyword",
        "filename": "src/agents/skills.build-workspace-skills-prompt.prefers-workspace-skills-managed-skills.test.ts",
        "hashed_secret": "7a85f4764bbd6daf1c3545efbbf0f279a6dc0beb",
        "is_verified": false,
        "line_number": 124
      }
    ],
    "src/agents/skills.build-workspace-skills-prompt.syncs-merged-skills-into-target-workspace.test.ts": [
      {
        "type": "Secret Keyword",
        "filename": "src/agents/skills.build-workspace-skills-prompt.syncs-merged-skills-into-target-workspace.test.ts",
        "hashed_secret": "3acfb2c2b433c0ea7ff107e33df91b18e52f960f",
        "is_verified": false,
        "line_number": 102
      }
    ],
    "src/agents/tools/web-fetch.ssrf.test.ts": [
      {
        "type": "Secret Keyword",
        "filename": "src/agents/tools/web-fetch.ssrf.test.ts",
        "hashed_secret": "5ce8e9d54c77266fff990194d2219a708c59b76c",
        "is_verified": false,
        "line_number": 55
      }
    ],
    "src/agents/tools/web-search.ts": [
      {
        "type": "Secret Keyword",
        "filename": "src/agents/tools/web-search.ts",
        "hashed_secret": "dfba7aade0868074c2861c98e2a9a92f3178a51b",
        "is_verified": false,
        "line_number": 85
      },
      {
        "type": "Secret Keyword",
        "filename": "src/agents/tools/web-search.ts",
        "hashed_secret": "71f8e7976e4cbc4561c9d62fb283e7f788202acb",
        "is_verified": false,
        "line_number": 190
      },
      {
        "type": "Secret Keyword",
        "filename": "src/agents/tools/web-search.ts",
        "hashed_secret": "c4865ff9250aca23b0d98eb079dad70ebec1cced",
        "is_verified": false,
        "line_number": 198
      },
      {
        "type": "Secret Keyword",
        "filename": "src/agents/tools/web-search.ts",
        "hashed_secret": "527ee41f36386e85fa932ef09471ca017f3c95c8",
        "is_verified": false,
        "line_number": 199
      }
    ],
    "src/agents/tools/web-tools.enabled-defaults.test.ts": [
      {
        "type": "Secret Keyword",
        "filename": "src/agents/tools/web-tools.enabled-defaults.test.ts",
        "hashed_secret": "47b249a75ca78fdb578d0f28c33685e27ea82684",
        "is_verified": false,
        "line_number": 213
      },
      {
        "type": "Secret Keyword",
        "filename": "src/agents/tools/web-tools.enabled-defaults.test.ts",
        "hashed_secret": "d0ffd81d6d7ad1bc3c365660fe8882480c9a986e",
        "is_verified": false,
        "line_number": 242
      }
    ],
    "src/agents/tools/web-tools.fetch.test.ts": [
      {
        "type": "Secret Keyword",
        "filename": "src/agents/tools/web-tools.fetch.test.ts",
        "hashed_secret": "5ce8e9d54c77266fff990194d2219a708c59b76c",
        "is_verified": false,
        "line_number": 101
      }
    ],
    "src/auto-reply/reply.directive.directive-behavior.prefers-alias-matches-fuzzy-selection-is-ambiguous.e2e.test.ts": [
      {
        "type": "Secret Keyword",
        "filename": "src/auto-reply/reply.directive.directive-behavior.prefers-alias-matches-fuzzy-selection-is-ambiguous.e2e.test.ts",
        "hashed_secret": "e9a5f12a8ecbb3eb46eca5096b5c52aa5e7c9fdd",
        "is_verified": false,
        "line_number": 90
      },
      {
        "type": "Secret Keyword",
        "filename": "src/auto-reply/reply.directive.directive-behavior.prefers-alias-matches-fuzzy-selection-is-ambiguous.e2e.test.ts",
        "hashed_secret": "16c249e04e2be318050cb883c40137361c0c7209",
        "is_verified": false,
        "line_number": 96
      }
    ],
    "src/auto-reply/reply.directive.directive-behavior.supports-fuzzy-model-matches-model-directive.e2e.test.ts": [
      {
        "type": "Secret Keyword",
        "filename": "src/auto-reply/reply.directive.directive-behavior.supports-fuzzy-model-matches-model-directive.e2e.test.ts",
        "hashed_secret": "e9a5f12a8ecbb3eb46eca5096b5c52aa5e7c9fdd",
        "is_verified": false,
        "line_number": 87
      },
      {
        "type": "Secret Keyword",
        "filename": "src/auto-reply/reply.directive.directive-behavior.supports-fuzzy-model-matches-model-directive.e2e.test.ts",
        "hashed_secret": "16c249e04e2be318050cb883c40137361c0c7209",
        "is_verified": false,
        "line_number": 228
      }
    ],
    "src/auto-reply/status.test.ts": [
      {
        "type": "Secret Keyword",
        "filename": "src/auto-reply/status.test.ts",
        "hashed_secret": "3acfb2c2b433c0ea7ff107e33df91b18e52f960f",
        "is_verified": false,
        "line_number": 20
      }
    ],
    "src/browser/cdp.helpers.test.ts": [
      {
        "type": "Basic Auth Credentials",
        "filename": "src/browser/cdp.helpers.test.ts",
        "hashed_secret": "9d4e1e23bd5b727046a9e3b4b7db57bd8d6ee684",
        "is_verified": false,
        "line_number": 22
      }
    ],
    "src/browser/cdp.test.ts": [
      {
        "type": "Basic Auth Credentials",
        "filename": "src/browser/cdp.test.ts",
        "hashed_secret": "9d4e1e23bd5b727046a9e3b4b7db57bd8d6ee684",
        "is_verified": false,
        "line_number": 172
      }
    ],
    "src/browser/target-id.test.ts": [
      {
        "type": "Hex High Entropy String",
        "filename": "src/browser/target-id.test.ts",
        "hashed_secret": "4e126c049580d66ca1549fa534d95a7263f27f46",
        "is_verified": false,
        "line_number": 13
      }
    ],
    "src/cli/update-cli.test.ts": [
      {
        "type": "Hex High Entropy String",
        "filename": "src/cli/update-cli.test.ts",
        "hashed_secret": "e4f91dd323bac5bfc4f60a6e433787671dc2421d",
        "is_verified": false,
        "line_number": 112
      }
    ],
    "src/commands/auth-choice.preferred-provider.ts": [
      {
        "type": "Secret Keyword",
        "filename": "src/commands/auth-choice.preferred-provider.ts",
        "hashed_secret": "c03a8d10174dd7eb2b3288b570a5a74fdd9ae05d",
        "is_verified": false,
        "line_number": 8
      }
    ],
    "src/commands/auth-choice.test.ts": [
      {
        "type": "Secret Keyword",
        "filename": "src/commands/auth-choice.test.ts",
        "hashed_secret": "2480500ff391183070fe22ba8665a8be19350833",
        "is_verified": false,
        "line_number": 289
      },
      {
        "type": "Secret Keyword",
        "filename": "src/commands/auth-choice.test.ts",
        "hashed_secret": "77e991e9f56e6fa4ed1a908208048421f1214c07",
        "is_verified": false,
        "line_number": 350
      },
      {
        "type": "Secret Keyword",
        "filename": "src/commands/auth-choice.test.ts",
        "hashed_secret": "1b4d8423b11d32dd0c466428ac81de84a4a9442b",
        "is_verified": false,
        "line_number": 528
      }
    ],
    "src/commands/configure.gateway-auth.test.ts": [
      {
        "type": "Secret Keyword",
        "filename": "src/commands/configure.gateway-auth.test.ts",
        "hashed_secret": "e5e9fa1ba31ecd1ae84f75caaa474f3a663f05f4",
        "is_verified": false,
        "line_number": 8
      }
    ],
    "src/commands/models/list.status.test.ts": [
      {
        "type": "Base64 High Entropy String",
        "filename": "src/commands/models/list.status.test.ts",
        "hashed_secret": "d6ae2508a78a232d5378ef24b85ce40cbb4d7ff0",
        "is_verified": false,
        "line_number": 11
      },
      {
        "type": "Base64 High Entropy String",
        "filename": "src/commands/models/list.status.test.ts",
        "hashed_secret": "2d8012102440ea97852b3152239218f00579bafa",
        "is_verified": false,
        "line_number": 18
      },
      {
        "type": "Base64 High Entropy String",
        "filename": "src/commands/models/list.status.test.ts",
        "hashed_secret": "51848e2be4b461a549218d3167f19c01be6b98b8",
        "is_verified": false,
        "line_number": 46
      },
      {
        "type": "Secret Keyword",
        "filename": "src/commands/models/list.status.test.ts",
        "hashed_secret": "51848e2be4b461a549218d3167f19c01be6b98b8",
        "is_verified": false,
        "line_number": 46
      },
      {
        "type": "Secret Keyword",
        "filename": "src/commands/models/list.status.test.ts",
        "hashed_secret": "1c1e381bfb72d3b7bfca9437053d9875356680f0",
        "is_verified": false,
        "line_number": 52
      }
    ],
    "src/commands/onboard-auth.config-minimax.ts": [
      {
        "type": "Secret Keyword",
        "filename": "src/commands/onboard-auth.config-minimax.ts",
        "hashed_secret": "16c249e04e2be318050cb883c40137361c0c7209",
        "is_verified": false,
        "line_number": 30
      },
      {
        "type": "Secret Keyword",
        "filename": "src/commands/onboard-auth.config-minimax.ts",
        "hashed_secret": "ddcb713196b974770575a9bea5a4e7d46361f8e9",
        "is_verified": false,
        "line_number": 85
      }
    ],
    "src/commands/onboard-auth.test.ts": [
      {
        "type": "Secret Keyword",
        "filename": "src/commands/onboard-auth.test.ts",
        "hashed_secret": "666c100dab549a6f56da7da546bd848ed5086541",
        "is_verified": false,
        "line_number": 230
      },
      {
        "type": "Secret Keyword",
        "filename": "src/commands/onboard-auth.test.ts",
        "hashed_secret": "e184b402822abc549b37689c84e8e0e33c39a1f1",
        "is_verified": false,
        "line_number": 262
      }
    ],
    "src/commands/onboard-non-interactive.ai-gateway.test.ts": [
      {
        "type": "Secret Keyword",
        "filename": "src/commands/onboard-non-interactive.ai-gateway.test.ts",
        "hashed_secret": "77e991e9f56e6fa4ed1a908208048421f1214c07",
        "is_verified": false,
        "line_number": 50
      }
    ],
    "src/commands/onboard-non-interactive/api-keys.ts": [
      {
        "type": "Secret Keyword",
        "filename": "src/commands/onboard-non-interactive/api-keys.ts",
        "hashed_secret": "112f3a99b283a4e1788dedd8e0e5d35375c33747",
        "is_verified": false,
        "line_number": 10
      }
    ],
    "src/config/config.env-vars.test.ts": [
      {
        "type": "Secret Keyword",
        "filename": "src/config/config.env-vars.test.ts",
        "hashed_secret": "a24ef9c1a27cac44823571ceef2e8262718eee36",
        "is_verified": false,
        "line_number": 15
      },
      {
        "type": "Secret Keyword",
        "filename": "src/config/config.env-vars.test.ts",
        "hashed_secret": "29d5f92e9ee44d4854d6dfaeefc3dc27d779fdf3",
        "is_verified": false,
        "line_number": 47
      },
      {
        "type": "Secret Keyword",
        "filename": "src/config/config.env-vars.test.ts",
        "hashed_secret": "1672b6a1e7956c6a70f45d699aa42a351b1f8b80",
        "is_verified": false,
        "line_number": 63
      }
    ],
    "src/config/config.talk-api-key-fallback.test.ts": [
      {
        "type": "Secret Keyword",
        "filename": "src/config/config.talk-api-key-fallback.test.ts",
        "hashed_secret": "bea2f7b64fab8d1d414d0449530b1e088d36d5b1",
        "is_verified": false,
        "line_number": 42
      }
    ],
    "src/config/config.web-search-provider.test.ts": [
      {
        "type": "Secret Keyword",
        "filename": "src/config/config.web-search-provider.test.ts",
        "hashed_secret": "3acfb2c2b433c0ea7ff107e33df91b18e52f960f",
        "is_verified": false,
        "line_number": 14
      }
    ],
    "src/config/env-substitution.test.ts": [
      {
        "type": "Secret Keyword",
        "filename": "src/config/env-substitution.test.ts",
        "hashed_secret": "f2b14f68eb995facb3a1c35287b778d5bd785511",
        "is_verified": false,
        "line_number": 38
      },
      {
        "type": "Secret Keyword",
        "filename": "src/config/env-substitution.test.ts",
        "hashed_secret": "ec417f567082612f8fd6afafe1abcab831fca840",
        "is_verified": false,
        "line_number": 69
      },
      {
        "type": "Secret Keyword",
        "filename": "src/config/env-substitution.test.ts",
        "hashed_secret": "520bd69c3eb1646d9a78181ecb4c90c51fdf428d",
        "is_verified": false,
        "line_number": 70
      },
      {
        "type": "Secret Keyword",
        "filename": "src/config/env-substitution.test.ts",
        "hashed_secret": "f136444bf9b3d01a9f9b772b80ac6bf7b6a43ef0",
        "is_verified": false,
        "line_number": 228
      }
    ],
    "src/config/schema.ts": [
      {
        "type": "Secret Keyword",
        "filename": "src/config/schema.ts",
        "hashed_secret": "e73c9fcad85cd4eecc74181ec4bdb31064d68439",
        "is_verified": false,
        "line_number": 184
      },
      {
        "type": "Secret Keyword",
        "filename": "src/config/schema.ts",
        "hashed_secret": "2eda7cd978f39eebec3bf03e4410a40e14167fff",
        "is_verified": false,
        "line_number": 220
      },
      {
        "type": "Secret Keyword",
        "filename": "src/config/schema.ts",
        "hashed_secret": "9f4cda226d3868676ac7f86f59e4190eb94bd208",
        "is_verified": false,
        "line_number": 418
      },
      {
        "type": "Secret Keyword",
        "filename": "src/config/schema.ts",
        "hashed_secret": "01822c8bbf6a8b136944b14182cb885100ec2eae",
        "is_verified": false,
        "line_number": 437
      },
      {
        "type": "Secret Keyword",
        "filename": "src/config/schema.ts",
        "hashed_secret": "bb7dfd9746e660e4a4374951ec5938ef0e343255",
        "is_verified": false,
        "line_number": 487
      }
    ],
    "src/config/slack-http-config.test.ts": [
      {
        "type": "Secret Keyword",
        "filename": "src/config/slack-http-config.test.ts",
        "hashed_secret": "e5e9fa1ba31ecd1ae84f75caaa474f3a663f05f4",
        "is_verified": false,
        "line_number": 11
      }
    ],
    "src/gateway/auth.test.ts": [
      {
        "type": "Secret Keyword",
        "filename": "src/gateway/auth.test.ts",
        "hashed_secret": "e5e9fa1ba31ecd1ae84f75caaa474f3a663f05f4",
        "is_verified": false,
        "line_number": 43
      },
      {
        "type": "Secret Keyword",
        "filename": "src/gateway/auth.test.ts",
        "hashed_secret": "a4b48a81cdab1e1a5dd37907d6c85ca1c61ddc7c",
        "is_verified": false,
        "line_number": 51
      }
    ],
    "src/gateway/call.test.ts": [
      {
        "type": "Secret Keyword",
        "filename": "src/gateway/call.test.ts",
        "hashed_secret": "e5e9fa1ba31ecd1ae84f75caaa474f3a663f05f4",
        "is_verified": false,
        "line_number": 285
      },
      {
        "type": "Secret Keyword",
        "filename": "src/gateway/call.test.ts",
        "hashed_secret": "e493f561d90c6638c1f51c5a8a069c3b129b79ed",
        "is_verified": false,
        "line_number": 295
      },
      {
        "type": "Secret Keyword",
        "filename": "src/gateway/call.test.ts",
        "hashed_secret": "2e07956ffc9bc4fd624064c40b7495c85d5f1467",
        "is_verified": false,
        "line_number": 300
      },
      {
        "type": "Secret Keyword",
        "filename": "src/gateway/call.test.ts",
        "hashed_secret": "bddc29032de580fb53b3a9a0357dd409086db800",
        "is_verified": false,
        "line_number": 313
      }
    ],
    "src/gateway/client.test.ts": [
      {
        "type": "Private Key",
        "filename": "src/gateway/client.test.ts",
        "hashed_secret": "1348b145fa1a555461c1b790a2f66614781091e9",
        "is_verified": false,
        "line_number": 83
      }
    ],
    "src/gateway/gateway-cli-backend.live.test.ts": [
      {
        "type": "Hex High Entropy String",
        "filename": "src/gateway/gateway-cli-backend.live.test.ts",
        "hashed_secret": "3e2fd4a90d5afbd27974730c4d6a9592fe300825",
        "is_verified": false,
        "line_number": 38
      }
    ],
    "src/gateway/gateway-models.profiles.live.test.ts": [
      {
        "type": "Hex High Entropy String",
        "filename": "src/gateway/gateway-models.profiles.live.test.ts",
        "hashed_secret": "3e2fd4a90d5afbd27974730c4d6a9592fe300825",
        "is_verified": false,
        "line_number": 219
      }
    ],
    "src/gateway/gateway.e2e.test.ts": [
      {
        "type": "Secret Keyword",
        "filename": "src/gateway/gateway.e2e.test.ts",
        "hashed_secret": "a94a8fe5ccb19ba61c4c0873d391e987982fbbd3",
        "is_verified": false,
        "line_number": 73
      }
    ],
    "src/gateway/server.auth.e2e.test.ts": [
      {
        "type": "Secret Keyword",
        "filename": "src/gateway/server.auth.e2e.test.ts",
        "hashed_secret": "e5e9fa1ba31ecd1ae84f75caaa474f3a663f05f4",
        "is_verified": false,
        "line_number": 179
      },
      {
        "type": "Secret Keyword",
        "filename": "src/gateway/server.auth.e2e.test.ts",
        "hashed_secret": "a4b48a81cdab1e1a5dd37907d6c85ca1c61ddc7c",
        "is_verified": false,
        "line_number": 197
      }
    ],
    "src/gateway/session-utils.test.ts": [
      {
        "type": "Base64 High Entropy String",
        "filename": "src/gateway/session-utils.test.ts",
        "hashed_secret": "bb9a5d9483409d2c60b28268a0efcb93324d4cda",
        "is_verified": false,
        "line_number": 156
      }
    ],
    "src/gateway/tools-invoke-http.test.ts": [
      {
        "type": "Secret Keyword",
        "filename": "src/gateway/tools-invoke-http.test.ts",
        "hashed_secret": "e5e9fa1ba31ecd1ae84f75caaa474f3a663f05f4",
        "is_verified": false,
        "line_number": 56
      }
    ],
    "src/gateway/ws-log.test.ts": [
      {
        "type": "Base64 High Entropy String",
        "filename": "src/gateway/ws-log.test.ts",
        "hashed_secret": "edd2e7ac4f61d0c606e80a0919d727540842a307",
        "is_verified": false,
        "line_number": 22
      }
    ],
    "src/infra/env.test.ts": [
      {
        "type": "Secret Keyword",
        "filename": "src/infra/env.test.ts",
        "hashed_secret": "df98a117ddabf85991b9fe0e268214dc0e1254dc",
        "is_verified": false,
        "line_number": 10
      },
      {
        "type": "Secret Keyword",
        "filename": "src/infra/env.test.ts",
        "hashed_secret": "6d811dc1f59a55ca1a3d38b5042a062b9f79e8ec",
        "is_verified": false,
        "line_number": 25
      }
    ],
    "src/infra/outbound/message-action-runner.test.ts": [
      {
        "type": "Hex High Entropy String",
        "filename": "src/infra/outbound/message-action-runner.test.ts",
        "hashed_secret": "804ec071803318791b835cffd6e509c8d32239db",
        "is_verified": false,
        "line_number": 88
      },
      {
        "type": "Secret Keyword",
        "filename": "src/infra/outbound/message-action-runner.test.ts",
        "hashed_secret": "789cbe0407840b1c2041cb33452ff60f19bf58cc",
        "is_verified": false,
        "line_number": 385
      }
    ],
    "src/infra/outbound/outbound-policy.test.ts": [
      {
        "type": "Hex High Entropy String",
        "filename": "src/infra/outbound/outbound-policy.test.ts",
        "hashed_secret": "804ec071803318791b835cffd6e509c8d32239db",
        "is_verified": false,
        "line_number": 33
      }
    ],
    "src/infra/shell-env.test.ts": [
      {
        "type": "Secret Keyword",
        "filename": "src/infra/shell-env.test.ts",
        "hashed_secret": "65c10dc3549fe07424148a8a4790a3341ecbc253",
        "is_verified": false,
        "line_number": 27
      },
      {
        "type": "Secret Keyword",
        "filename": "src/infra/shell-env.test.ts",
        "hashed_secret": "e013ffda590d2178607c16d11b1ea42f75ceb0e7",
        "is_verified": false,
        "line_number": 59
      },
      {
        "type": "Base64 High Entropy String",
        "filename": "src/infra/shell-env.test.ts",
        "hashed_secret": "be6ee9a6bf9f2dad84a5a67d6c0576a5bacc391e",
        "is_verified": false,
        "line_number": 61
      }
    ],
    "src/logging/redact.test.ts": [
      {
        "type": "Base64 High Entropy String",
        "filename": "src/logging/redact.test.ts",
        "hashed_secret": "dd7754662b89333191ff45e8257a3e6d3fcd3990",
        "is_verified": false,
        "line_number": 9
      },
      {
        "type": "Private Key",
        "filename": "src/logging/redact.test.ts",
        "hashed_secret": "1348b145fa1a555461c1b790a2f66614781091e9",
        "is_verified": false,
        "line_number": 64
      },
      {
        "type": "Hex High Entropy String",
        "filename": "src/logging/redact.test.ts",
        "hashed_secret": "7992945213f7d76889fa83ff0f2be352409c837e",
        "is_verified": false,
        "line_number": 65
      },
      {
        "type": "Base64 High Entropy String",
        "filename": "src/logging/redact.test.ts",
        "hashed_secret": "063995ecb4fa5afe2460397d322925cd867b7d74",
        "is_verified": false,
        "line_number": 79
      }
    ],
    "src/media-understanding/apply.test.ts": [
      {
        "type": "Secret Keyword",
        "filename": "src/media-understanding/apply.test.ts",
        "hashed_secret": "3acfb2c2b433c0ea7ff107e33df91b18e52f960f",
        "is_verified": false,
        "line_number": 14
      }
    ],
    "src/media-understanding/providers/deepgram/audio.test.ts": [
      {
        "type": "Secret Keyword",
        "filename": "src/media-understanding/providers/deepgram/audio.test.ts",
        "hashed_secret": "3acfb2c2b433c0ea7ff107e33df91b18e52f960f",
        "is_verified": false,
        "line_number": 31
      }
    ],
    "src/media-understanding/providers/google/video.test.ts": [
      {
        "type": "Secret Keyword",
        "filename": "src/media-understanding/providers/google/video.test.ts",
        "hashed_secret": "3acfb2c2b433c0ea7ff107e33df91b18e52f960f",
        "is_verified": false,
        "line_number": 28
      }
    ],
    "src/media-understanding/providers/openai/audio.test.ts": [
      {
        "type": "Secret Keyword",
        "filename": "src/media-understanding/providers/openai/audio.test.ts",
        "hashed_secret": "3acfb2c2b433c0ea7ff107e33df91b18e52f960f",
        "is_verified": false,
        "line_number": 26
      }
    ],
    "src/media-understanding/runner.auto-audio.test.ts": [
      {
        "type": "Secret Keyword",
        "filename": "src/media-understanding/runner.auto-audio.test.ts",
        "hashed_secret": "3acfb2c2b433c0ea7ff107e33df91b18e52f960f",
        "is_verified": false,
        "line_number": 42
      }
    ],
    "src/media-understanding/runner.deepgram.test.ts": [
      {
        "type": "Secret Keyword",
        "filename": "src/media-understanding/runner.deepgram.test.ts",
        "hashed_secret": "3acfb2c2b433c0ea7ff107e33df91b18e52f960f",
        "is_verified": false,
        "line_number": 46
      }
    ],
    "src/memory/embeddings.test.ts": [
      {
        "type": "Secret Keyword",
        "filename": "src/memory/embeddings.test.ts",
        "hashed_secret": "a47110e348a3063541fb1f1f640d635d457181a0",
        "is_verified": false,
        "line_number": 32
      },
      {
        "type": "Secret Keyword",
        "filename": "src/memory/embeddings.test.ts",
        "hashed_secret": "c734e47630dda71619c696d88381f06f7511bd78",
        "is_verified": false,
        "line_number": 149
      },
      {
        "type": "Secret Keyword",
        "filename": "src/memory/embeddings.test.ts",
        "hashed_secret": "56e1d57b8db262b08bc73c60ed08d8c92e59503f",
        "is_verified": false,
        "line_number": 179
      }
    ],
    "src/pairing/pairing-store.ts": [
      {
        "type": "Base64 High Entropy String",
        "filename": "src/pairing/pairing-store.ts",
        "hashed_secret": "f8c6f1ff98c5ee78c27d34a3ca68f35ad79847af",
        "is_verified": false,
        "line_number": 12
      }
    ],
    "src/security/audit.test.ts": [
      {
        "type": "Hex High Entropy String",
        "filename": "src/security/audit.test.ts",
        "hashed_secret": "b1775a785f09a6ebaf2dc33d6eaeb98974d9cdb8",
        "is_verified": false,
        "line_number": 180
      },
      {
        "type": "Hex High Entropy String",
        "filename": "src/security/audit.test.ts",
        "hashed_secret": "fa8da98a5bdb77b4902cbb4338e6e94ea825300e",
        "is_verified": false,
        "line_number": 209
      },
      {
        "type": "Secret Keyword",
        "filename": "src/security/audit.test.ts",
        "hashed_secret": "21f688ab56f76a99e5c6ed342291422f4e57e47f",
        "is_verified": false,
        "line_number": 1046
      },
      {
        "type": "Secret Keyword",
        "filename": "src/security/audit.test.ts",
        "hashed_secret": "3dc927d80543dc0f643940b70d066bd4b4c4b78e",
        "is_verified": false,
        "line_number": 1077
      }
    ],
    "src/tts/tts.test.ts": [
      {
        "type": "Secret Keyword",
        "filename": "src/tts/tts.test.ts",
        "hashed_secret": "2e7a7ee14caebf378fc32d6cf6f557f347c96773",
        "is_verified": false,
        "line_number": 33
      },
      {
        "type": "Hex High Entropy String",
        "filename": "src/tts/tts.test.ts",
        "hashed_secret": "b214f706bb602c1cc2adc5c6165e73622305f4bb",
        "is_verified": false,
        "line_number": 68
      }
    ],
    "src/web/qr-image.test.ts": [
      {
        "type": "Hex High Entropy String",
        "filename": "src/web/qr-image.test.ts",
        "hashed_secret": "564666dc1ca6e7318b2d5feeb1ce7b5bf717411e",
        "is_verified": false,
        "line_number": 12
      }
    ],
    "test/provider-timeout.e2e.test.ts": [
      {
        "type": "Secret Keyword",
        "filename": "test/provider-timeout.e2e.test.ts",
        "hashed_secret": "a94a8fe5ccb19ba61c4c0873d391e987982fbbd3",
        "is_verified": false,
        "line_number": 182
      }
    ]
  },
  "generated_at": "2026-01-25T10:55:04Z"
}
